[
  {
    "fileName": "jmri.jmrix.openlcb.swing.monitor.MonitorPane",
    "breakpoints": [
      256,
      257,
      259,
      260,
      262,
      263,
      266,
      269,
      150,
      151,
      152,
      154,
      155,
      157,
      158,
      159,
      160,
      161,
      163,
      165,
      166,
      168,
      169,
      171,
      172,
      174,
      175,
      210,
      213,
      214,
      215,
      216,
      217,
      218,
      219,
      220,
      221,
      222,
      225,
      226,
      227,
      229,
      230,
      231,
      233,
      234,
      235,
      236,
      240,
      244,
      245,
      246,
      247,
      248,
      250,
      251,
      253,
      254
    ]
  }
]