[
  {
    "fileName": "jmri.jmrix.openlcb.swing.monitor.MonitorPane",
    "breakpoints": [
      150,
      151,
      152,
      154,
      155,
      157,
      158,
      159,
      160,
      161,
      163,
      165,
      166,
      168,
      169,
      171,
      172,
      174,
      175,
      178,
      181,
      182,
      183,
      184,
      185,
      186,
      187,
      188,
      189,
      190,
      193,
      194,
      195,
      197,
      198,
      199,
      201,
      202,
      203,
      204,
      208,
      212,
      213,
      214,
      215,
      216,
      218,
      219,
      221,
      222,
      224,
      225,
      227,
      228,
      230,
      231,
      234,
      237
    ]
  }
]