[
  {
    "fileName": "StatementInsideInsertedIf",
    "breakpoints": [
      3
    ]
  }
]