[
  {
    "fileName": "StatementInsideInsertedIf",
    "breakpoints": [
      6
    ]
  }
]