[
  {
    "fileName": "org.joda.time.field.ZeroIsMaxDateTimeField",
    "breakpoints": []
  }
]