{
  "name": "getMinimumValue",
  "className": "org.joda.time.field.ZeroIsMaxDateTimeField"
}