[
  {
    "fileName": "MultipleTypes$FirstLevel1",
    "breakpoints": [
      13
    ]
  },
  {
    "fileName": "MultipleTypes",
    "breakpoints": [
      3
    ]
  },
  {
    "fileName": "MultipleTypes$FirstLevel2$SecondLevel1",
    "breakpoints": [
      20
    ]
  }
]