{
  "name": "inverseCumulativeProbability",
  "className": "org.apache.commons.math3.distribution.AbstractIntegerDistribution"
}