[
  {
    "className": "org/apache/commons/math/linear/CholeskyDecompositionImpl",
    "name": "<init>"
  }
]