[
  {
    "fileName": "io/dockstore/webservice/helpers/EntryVersionHelper",
    "breakpoints": [
      257,
      259,
      260,
      261,
      262,
      265,
      266,
      267,
      268,
      270,
      271,
      274,
      276,
      278,
      280,
      282,
      283,
      286,
      287,
      288,
      289,
      290,
      291,
      292,
      293,
      297,
      298,
      299,
      300,
      301,
      305,
      306,
      307,
      308,
      310,
      312,
      313,
      314,
      315,
      318,
      319,
      320,
      321,
      322,
      323,
      324,
      325,
      327,
      330,
      331,
      332,
      335,
      337,
      251,
      252,
      255
    ]
  }
]