[
  {
    "fileName": "io/dockstore/webservice/helpers/EntryVersionHelper",
    "breakpoints": [
      257,
      259,
      260,
      261,
      262,
      265,
      266,
      267,
      268,
      270,
      271,
      274,
      276,
      278,
      280,
      282,
      283,
      286,
      287,
      288,
      289,
      290,
      291,
      292,
      293,
      298,
      299,
      300,
      301,
      302,
      306,
      307,
      308,
      309,
      311,
      313,
      314,
      315,
      316,
      319,
      320,
      321,
      322,
      323,
      324,
      325,
      326,
      328,
      331,
      332,
      333,
      336,
      338,
      251,
      252,
      255
    ]
  }
]