[
  {
    "className": "io/dockstore/webservice/helpers/EntryVersionHelper",
    "name": "getSourceFiles"
  }
]