[
  {
    "fileName": "org.apache.iotdb.db.mpp.transformation.dag.memory.LayerMemoryAssigner",
    "breakpoints": [
    52, 53, 62,
      63
    ]
  }
]