[
  {
    "className": "org.apache.iotdb.commons.partition.SchemaPartition",
    "name": "getSchemaRegionReplicaSet"
  }
]