[
  {
    "fileName": "SwitchCase",
    "breakpoints": [3, 5, 7, 9]
  }
]