[
  {
    "className": "org/apache/commons/math3/optimization/direct/CMAESOptimizer",
    "name": "<init>"
  }
]
