[
  {
    "fileName": "org/apache/commons/math/analysis/solvers/BaseSecantSolver",
    "breakpoints": [
      130,
      131,
      132,
      133,
      138,
      139,
      141,
      142,
      146,
      149,
      150,
      151,
      155,
      158,
      160,
      161,
      166,
      167,
      171,
      174,
      175,
      176,
      178,
      180,
      181,
      183,
      184,
      189,
      193,
      196,
      200,
      201,
      206,
      207,
      209,
      211,
      212,
      214,
      216,
      217,
      219,
      221,
      222,
      224,
      226,
      227,
      229,
      231,
      237,
      239,
      241,
      243,
      245,
      247,
      249,
      251,
      187,
      191,
      238
    ]
  }
]