[
  {
    "className": "jmri/jmrix/openlcb/swing/monitor/MonitorPane",
    "name": "format"
  }
]