[
  {
    "fileName": "org.apache.commons.math.analysis.solvers.BaseSecantSolver",
    "breakpoints": [
      130,
      131,
      132,
      133,
      138,
      139,
      141,
      142,
      146,
      149,
      150,
      151,
      155,
      158,
      160,
      161,
      166,
      167,
      171,
      174,
      175,
      176,
      178,
      180,
      181,
      183,
      184,
      188,
      191,
      194,
      198,
      199,
      204,
      205,
      207,
      209,
      210,
      212,
      214,
      215,
      217,
      219,
      220,
      222,
      224,
      225,
      227,
      229,
      235,
      237,
      239,
      241,
      243,
      245,
      247,
      249,
      187,
      189
    ]
  }
]