[
  {
    "fileName": "com.google.gson.stream.JsonWriter",
    "breakpoints": [
      494,
      496,
      498,
      499,
      500
    ]
  }
]