[
  {
    "fileName": "org/apache/iotdb/commons/partition/SchemaPartition",
    "breakpoints": [
      68, 69, 75
    ]
  }
]