[
  {
    "fileName": "org.apache.iotdb.commons.partition.SchemaPartition",
    "breakpoints": [
      66, 67, 68
    ]
  }
]