[
  {
    "fileName": "DiffInCase",
    "breakpoints": [3, 5, 6, 8, 10, 11, 13]
  }
]