[
  {
    "fileName": "org/joda/time/tz/DateTimeZoneBuilder$RuleSet",
    "breakpoints": [
      1144
    ]
  }
]