[
  {
    "fileName": "NestedLambda",
    "breakpoints": [3, 4, 7, 9]
  }
]