[
    {
        "fileName":"foo.AnonymousClass",
        "breakpoints":[
            5,
            12
        ]
    },
    {
        "fileName":"foo.AnonymousClass$1",
        "breakpoints":[
            9
        ]
    }
]