{
  "name": "greet",
  "className": "foo.AnonymousClass$1"
}