[
  {
    "className": "org/apache/iotdb/db/mpp/transformation/dag/memory/LayerMemoryAssigner",
    "name": "build"
  }
]