[
    {
        "fileName": "Patch2Time11JGenProg2017",
        "breakpoints": [6]
    }
]