{
    "name": "buildTailZone",
    "className": "Patch2Time11JGenProg2017"
}