[
  {
    "fileName": "org/apache/iotdb/db/query/context/QueryContext",
    "breakpoints": [
      98,
      99,
      100,
      101,
      103,
      104,
      105,
      106,
      108,
      109,
      110,
      112,
      113,
      117
    ]
  }
]