[
  {
    "className": "org/apache/iotdb/db/query/context/QueryContext",
    "name": "getPathModifications"
  }
]