[
  {
    "fileName": "Lambda",
    "breakpoints": [
      6
    ]
  }
]